     marker    n            p design_df                  method p_bonferroni
NLR     NLR 9786 2.608949e-17       138 Survey Wald group means 1.043580e-16
MLR     MLR 9786 1.399049e-10       138 Survey Wald group means 5.596197e-10
SIRI   SIRI 9786 1.869653e-25       138 Survey Wald group means 7.478611e-25
SII     SII 9786 4.587641e-13       138 Survey Wald group means 1.835056e-12
             p_BH
NLR  5.217898e-17
MLR  1.399049e-10
SIRI 7.478611e-25
SII  6.116854e-13
       marker                                 analysis    n beta_logx
logx      NLR      unweighted_binary_FI_gt_0.30_model1 9786 0.6960162
logx1     NLR        weighted_binary_FI_gt_0.20_model1 9786 0.5671340
logx2     NLR        weighted_binary_FI_gt_0.25_model1 9786 0.7197520
logx3     NLR        weighted_binary_FI_gt_0.30_model1 9786 0.7108490
logx4     NLR        weighted_binary_FI_gt_0.35_model1 9786 0.7046285
logx5     NLR         weighted_binary_FI_gt_0.30_age60 8605 0.8000706
logx6     NLR                   weighted_fractional_FI 9786 0.2725421
logx7     NLR weighted_fractional_FI_without_platelets 9786 0.2758164
logx8     MLR      unweighted_binary_FI_gt_0.30_model1 9786 0.5684874
logx9     MLR        weighted_binary_FI_gt_0.20_model1 9786 0.4474343
logx10    MLR        weighted_binary_FI_gt_0.25_model1 9786 0.5808610
logx11    MLR        weighted_binary_FI_gt_0.30_model1 9786 0.6078766
logx12    MLR        weighted_binary_FI_gt_0.35_model1 9786 0.5956598
logx13    MLR         weighted_binary_FI_gt_0.30_age60 8605 0.7404395
logx14    MLR                   weighted_fractional_FI 9786 0.2094082
logx15    MLR weighted_fractional_FI_without_platelets 9786 0.2084015
logx16   SIRI      unweighted_binary_FI_gt_0.30_model1 9786 0.6419652
logx17   SIRI        weighted_binary_FI_gt_0.20_model1 9786 0.5511686
logx18   SIRI        weighted_binary_FI_gt_0.25_model1 9786 0.6674279
logx19   SIRI        weighted_binary_FI_gt_0.30_model1 9786 0.6732793
logx20   SIRI        weighted_binary_FI_gt_0.35_model1 9786 0.6779235
logx21   SIRI         weighted_binary_FI_gt_0.30_age60 8605 0.7478622
logx22   SIRI                   weighted_fractional_FI 9786 0.2707075
logx23   SIRI weighted_fractional_FI_without_platelets 9786 0.2766322
logx24    SII      unweighted_binary_FI_gt_0.30_model1 9786 0.4352892
logx25    SII        weighted_binary_FI_gt_0.20_model1 9786 0.3211515
logx26    SII        weighted_binary_FI_gt_0.25_model1 9786 0.3882222
logx27    SII        weighted_binary_FI_gt_0.30_model1 9786 0.3883937
logx28    SII        weighted_binary_FI_gt_0.35_model1 9786 0.4051019
logx29    SII         weighted_binary_FI_gt_0.30_age60 8605 0.4197901
logx30    SII                   weighted_fractional_FI 9786 0.1634424
logx31    SII weighted_fractional_FI_without_platelets 9786 0.1823181
               se    ci_low   ci_high exp_beta exp_ci_low exp_ci_high
logx   0.05606275 0.5861352 0.8058972 2.005746   1.797030    2.238704
logx1  0.06043837 0.4475000 0.6867681 1.763206   1.564396    1.987282
logx2  0.07565565 0.5699962 0.8695077 2.053924   1.768260    2.385736
logx3  0.07923915 0.5540000 0.8676981 2.035719   1.740200    2.381423
logx4  0.08367174 0.5390054 0.8702515 2.023095   1.714301    2.387511
logx5  0.08299887 0.6357794 0.9643618 2.225698   1.888494    2.623113
logx6  0.02125988 0.2304595 0.3146248 1.313299   1.259178    1.369745
logx7  0.02177461 0.2327149 0.3189179 1.317606   1.262022    1.375638
logx8  0.06709014 0.4369931 0.6999817 1.765594   1.548045    2.013716
logx9  0.08550083 0.2781907 0.6166780 1.564294   1.320738    1.852763
logx10 0.09796928 0.3869368 0.7747852 1.787577   1.472463    2.170126
logx11 0.10573398 0.3985826 0.8171705 1.836528   1.489712    2.264085
logx12 0.11274129 0.3724953 0.8188243 1.814228   1.451352    2.267832
logx13 0.11350878 0.5157559 0.9651232 2.096857   1.674904    2.625111
logx14 0.02886607 0.1522695 0.2665468 1.232948   1.164474    1.305449
logx15 0.02927622 0.1504511 0.2663520 1.231708   1.162358    1.305194
logx16 0.04561002 0.5525712 0.7313592 1.900211   1.737715    2.077903
logx17 0.05459044 0.4431102 0.6592270 1.735280   1.557544    1.933297
logx18 0.06369364 0.5413502 0.7935055 1.949217   1.718325    2.211134
logx19 0.06408277 0.5464314 0.8001272 1.960656   1.727079    2.225824
logx20 0.07317863 0.5330708 0.8227761 1.969783   1.704157    2.276812
logx21 0.06522122 0.6187608 0.8769636 2.112479   1.856626    2.403590
logx22 0.01866485 0.2337615 0.3076534 1.310892   1.263343    1.360229
logx23 0.01890473 0.2392114 0.3140529 1.318681   1.270247    1.368962
logx24 0.04715906 0.3428591 0.5277192 1.545410   1.408970    1.695062
logx25 0.05560727 0.2110803 0.4312227 1.378714   1.235012    1.539138
logx26 0.07219750 0.2453117 0.5311327 1.474357   1.278020    1.700858
logx27 0.08261584 0.2248607 0.5519267 1.474610   1.252148    1.736596
logx28 0.09417802 0.2186822 0.5915215 1.499455   1.244436    1.806735
logx29 0.07961415 0.2621988 0.5773814 1.521642   1.299785    1.781368
logx30 0.02351568 0.1168946 0.2099903 1.177558   1.124001    1.233666
logx31 0.02366120 0.1354822 0.2291540 1.199996   1.145089    1.257536
                  p  df convergence p_BH_exploratory_all
logx   2.168210e-35 Inf        TRUE         3.469136e-34
logx1  4.171017e-16 123        TRUE         8.898170e-16
logx2  2.033133e-16 123        TRUE         4.647162e-16
logx3  4.052800e-15 123        TRUE         7.628800e-15
logx4  8.113497e-14 123        TRUE         1.442400e-13
logx5  1.011072e-16 123        TRUE         2.488793e-16
logx6  2.053944e-24 123        TRUE         1.314524e-23
logx7  4.774415e-24 123        TRUE         2.546355e-23
logx8  2.381562e-17 Inf        TRUE         6.350831e-17
logx9  6.959136e-07 123        TRUE         7.423078e-07
logx10 2.864950e-08 123        TRUE         3.819933e-08
logx11 6.669463e-08 123        TRUE         8.208570e-08
logx12 5.566599e-07 123        TRUE         6.361827e-07
logx13 1.607963e-09 123        TRUE         2.237165e-09
logx14 3.951474e-11 123        TRUE         6.322359e-11
logx15 7.965876e-11 123        TRUE         1.213848e-10
logx16 5.403618e-45 Inf        TRUE         1.729158e-43
logx17 7.964911e-18 123        TRUE         2.317065e-17
logx18 9.435858e-19 123        TRUE         3.019475e-18
logx19 8.084170e-19 123        TRUE         2.874371e-18
logx20 8.080184e-16 123        TRUE         1.616037e-15
logx21 3.780863e-21 123        TRUE         1.728394e-20
logx22 2.111125e-28 123        TRUE         1.688900e-27
logx23 1.053990e-28 123        TRUE         1.124256e-27
logx24 2.700402e-20 Inf        TRUE         1.080161e-19
logx25 5.901103e-08 123        TRUE         7.553412e-08
logx26 3.659653e-07 123        TRUE         4.337366e-07
logx27 6.816139e-06 123        TRUE         7.036014e-06
logx28 3.422926e-05 123        TRUE         3.422926e-05
logx29 5.835616e-07 123        TRUE         6.439301e-07
logx30 1.881304e-10 123        TRUE         2.736442e-10
logx31 3.741245e-12 123        TRUE         6.301045e-12
